=== SMOKE: tools/SceneSmoke.tscn ===
Godot Engine v4.3.stable.official.77dcf97d8 - https://godotengine.org

MatchScene instantiated, children: 7
ERROR: Parameter "t" is null.
   at: texture_2d_get (servers/rendering/dummy/storage/texture_storage.h:106)
ERROR: Parameter "t" is null.
   at: texture_2d_get (servers/rendering/dummy/storage/texture_storage.h:106)
t= 0.2 live=false await=true poss=0 shotc=24.0 holder=none
t= 0.5 live=false await=true poss=0 shotc=24.0 holder=none
t= 0.8 live=false await=true poss=0 shotc=24.0 holder=none
t= 1.0 live=false await=true poss=0 shotc=24.0 holder=none
t= 1.3 live=false await=true poss=0 shotc=24.0 holder=none
t= 1.5 live=false await=true poss=0 shotc=24.0 holder=none
t= 1.8 live=false await=true poss=0 shotc=24.0 holder=none
t= 2.0 live=false await=true poss=0 shotc=24.0 holder=none
t= 2.2 live=false await=true poss=0 shotc=24.0 holder=none
t= 2.5 live=false await=true poss=0 shotc=24.0 holder=none
t= 2.8 live=false await=true poss=0 shotc=24.0 holder=none
t= 3.0 live=false await=true poss=0 shotc=24.0 holder=none
t= 3.3 live=false await=true poss=0 shotc=24.0 holder=none
t= 3.5 live=false await=true poss=0 shotc=24.0 holder=none
t= 3.8 live=false await=true poss=0 shotc=24.0 holder=none
t= 4.0 live=false await=true poss=0 shotc=24.0 holder=none
[toast] GO!
[toast] Cleared - go!
t= 4.3 live=true await=false poss=0 shotc=23.7 holder=0
t= 4.5 live=true await=false poss=0 shotc=23.3 holder=0
t= 4.8 live=true await=false poss=0 shotc=23.0 holder=0
t= 5.0 live=true await=false poss=0 shotc=22.7 holder=0
t= 5.3 live=true await=false poss=0 shotc=22.3 holder=0
t= 5.5 live=true await=false poss=0 shotc=22.0 holder=0
[toast] Shook!
t= 5.8 live=true await=false poss=0 shotc=21.7 holder=0
t= 6.0 live=true await=false poss=0 shotc=21.3 holder=0
t= 6.3 live=true await=false poss=0 shotc=21.0 holder=0
t= 6.5 live=true await=false poss=0 shotc=20.7 holder=0
t= 6.8 live=true await=false poss=0 shotc=20.3 holder=0
t= 7.0 live=true await=false poss=0 shotc=20.0 holder=0
t= 7.3 live=true await=false poss=0 shotc=19.7 holder=0
t= 7.5 live=true await=false poss=0 shotc=19.3 holder=0
t= 7.8 live=true await=false poss=0 shotc=19.0 holder=0
t= 8.0 live=true await=false poss=0 shotc=18.7 holder=0
[toast] Shook!
t= 8.3 live=true await=false poss=0 shotc=18.3 holder=0
t= 8.5 live=true await=false poss=0 shotc=18.0 holder=0
[toast] Shook!
t= 8.8 live=true await=false poss=0 shotc=17.7 holder=0
t= 9.0 live=true await=false poss=0 shotc=17.3 holder=0
t= 9.3 live=true await=false poss=0 shotc=17.0 holder=0
t= 9.5 live=true await=false poss=0 shotc=16.7 holder=0
t= 9.8 live=true await=false poss=0 shotc=16.4 holder=0
t=10.0 live=true await=false poss=0 shotc=16.1 holder=0
WARNING: ObjectDB instances leaked at exit (run with --verbose for details).
     at: cleanup (core/object/object.cpp:2284)
ERROR: 3 resources still in use at exit (run with --verbose for details).
   at: clear (core/io/resource.cpp:604)
OK: tools/SceneSmoke.tscn
=== SMOKE: tools/MatchTest.tscn ===
Godot Engine v4.3.stable.official.77dcf97d8 - https://godotengine.org

ROLES t0 [[2, "2T"], [3, ""], [4, ""], [5, ""], [5, ""]] t1 [[2, "2R"], [3, ""], [4, ""], [5, ""], [5, ""]]
MODE full  teams 10  fixture false
ERROR: Parameter "t" is null.
   at: texture_2d_get (servers/rendering/dummy/storage/texture_storage.h:106)
ERROR: Parameter "t" is null.
   at: texture_2d_get (servers/rendering/dummy/storage/texture_storage.h:106)
t= 1.0 live=false poss=0 clock=120.0 score=[0, 0]
t= 2.0 live=false poss=0 clock=120.0 score=[0, 0]
[toast] GO!
t= 3.0 live=false poss=0 clock=120.0 score=[0, 0]
[toast] JUMP BALL  ·  DOC
[toast] Consegna dentro, 2 palleggi, esci: dal SETTORE LATERALE vale 3!
t= 4.0 live=true poss=1 clock=119.3 score=[0, 0]
t= 5.0 live=true poss=1 clock=118.2 score=[0, 0]
t= 6.0 live=true poss=1 clock=117.1 score=[0, 0]
[toast] Loose ball!
[toast] Prima volta? REGOLE (in alto a destra) spiega tutto.
t= 7.0 live=true poss=1 clock=115.9 score=[0, 0]
t= 8.0 live=true poss=1 clock=114.9 score=[0, 0]
t= 9.0 live=true poss=1 clock=113.8 score=[0, 0]
t=10.0 live=true poss=1 clock=112.7 score=[0, 0]
[toast] Loose ball!
t=11.0 live=true poss=1 clock=111.7 score=[0, 0]
t=12.0 live=true poss=1 clock=110.5 score=[0, 0]
[toast] 3 SECONDI · non si sosta nell'area
t=13.0 live=true poss=0 clock=108.5 score=[0, 0]
[toast] Shook!
t=14.0 live=true poss=0 clock=106.5 score=[0, 0]
[toast] Shook!
t=15.0 live=true poss=0 clock=104.5 score=[0, 0]
WARNING: ObjectDB instances leaked at exit (run with --verbose for details).
     at: cleanup (core/object/object.cpp:2284)
ERROR: 11 resources still in use at exit (run with --verbose for details).
   at: clear (core/io/resource.cpp:604)
OK: tools/MatchTest.tscn
=== SMOKE: src/scenes/MainMenu.tscn ===
Godot Engine v4.3.stable.official.77dcf97d8 - https://godotengine.org

SCRIPT ERROR: Parse Error: Cannot infer the type of "big" variable because the value doesn't have a set type.
          at: GDScript::reload (res://src/scenes/MainMenu.gd:148)
SCRIPT ERROR: Parse Error: Cannot infer the type of "ny" variable because the value doesn't have a set type.
          at: GDScript::reload (res://src/scenes/MainMenu.gd:161)
SCRIPT ERROR: Parse Error: Cannot infer the type of "nend" variable because the value doesn't have a set type.
          at: GDScript::reload (res://src/scenes/MainMenu.gd:162)
ERROR: Failed to load script "res://src/scenes/MainMenu.gd" with error "Parse error".
   at: load (modules/gdscript/gdscript.cpp:2936)
!!! SCRIPT ERRORS in src/scenes/MainMenu.tscn:
SCRIPT ERROR: Parse Error: Cannot infer the type of "big" variable because the value doesn't have a set type.
SCRIPT ERROR: Parse Error: Cannot infer the type of "ny" variable because the value doesn't have a set type.
SCRIPT ERROR: Parse Error: Cannot infer the type of "nend" variable because the value doesn't have a set type.
=== SMOKE: src/scenes/RolePicker.tscn ===
Godot Engine v4.3.stable.official.77dcf97d8 - https://godotengine.org

OK: src/scenes/RolePicker.tscn
=== SMOKE: src/scenes/KitPicker.tscn ===
Godot Engine v4.3.stable.official.77dcf97d8 - https://godotengine.org

OK: src/scenes/KitPicker.tscn
=== SMOKE: src/scenes/SettingsScene.tscn ===
Godot Engine v4.3.stable.official.77dcf97d8 - https://godotengine.org

OK: src/scenes/SettingsScene.tscn
=== SMOKE: src/scenes/RulesScene.tscn ===
Godot Engine v4.3.stable.official.77dcf97d8 - https://godotengine.org

SCRIPT ERROR: Parse Error: Cannot infer the type of "sa" variable because the value doesn't have a set type.
          at: GDScript::reload (res://src/scenes/RulesScene.gd:154)
ERROR: Failed to load script "res://src/scenes/RulesScene.gd" with error "Parse error".
   at: load (modules/gdscript/gdscript.cpp:2936)
!!! SCRIPT ERRORS in src/scenes/RulesScene.tscn:
SCRIPT ERROR: Parse Error: Cannot infer the type of "sa" variable because the value doesn't have a set type.
