Godot Engine v4.3.stable.official.77dcf97d8 - https://godotengine.org
TextServer: Added interface "Dummy"
TextServer: Added interface "ICU / HarfBuzz / Graphite (Built-in)"
JoypadLinux: udev enabled and loaded successfully.
Using "default" pen tablet driver...

TextServer: Primary interface set to: "ICU / HarfBuzz / Graphite (Built-in)".
CORE API HASH: 966092234
EDITOR API HASH: 444927587
EditorSettings: Load OK!
EditorTheme: Generating new theme for the config '66886095'.
EditorTheme: Generating new icons.
EditorTheme: Generating new fonts.
EditorTheme: Generating new styles.
Loaded system CA certificates
EditorSettings: Save OK!
ERROR: Cannot export project with preset "Android" due to configuration errors:
Invalid Java SDK path in Editor Settings.Missing 'bin' directory!

   at: _fs_changed (editor/editor_node.cpp:1012)
ERROR: Project export for preset "Android" failed.
   at: _fs_changed (editor/editor_node.cpp:1028)
EditorSettings: Save OK!
XR: Clearing primary interface
XR: Removed interface "Native mobile"
XR: Removed interface "OpenXR"
Orphan StringName: Node (static: 6, total: 7)
StringName: 1 unclaimed string names at exit.
