=== SMOKE: src/scenes/IntroScene.tscn ===
Godot Engine v4.3.stable.official.77dcf97d8 - https://godotengine.org

ERROR: Index p_bus = -1 is out of bounds (buses.size() = 1).
   at: set_bus_volume_db (servers/audio_server.cpp:958)
ERROR: Index p_bus = -1 is out of bounds (buses.size() = 1).
   at: set_bus_volume_db (servers/audio_server.cpp:958)
ERROR: Index p_bus = -1 is out of bounds (buses.size() = 1).
   at: set_bus_volume_db (servers/audio_server.cpp:958)
ERROR: Index p_bus = -1 is out of bounds (buses.size() = 1).
   at: set_bus_mute (servers/audio_server.cpp:1009)
ERROR: Index p_bus = -1 is out of bounds (buses.size() = 1).
   at: set_bus_mute (servers/audio_server.cpp:1009)
ERROR: Index p_bus = -1 is out of bounds (buses.size() = 1).
   at: set_bus_mute (servers/audio_server.cpp:1009)
ERROR: Index p_bus = -1 is out of bounds (buses.size() = 1).
   at: set_bus_volume_db (servers/audio_server.cpp:958)
ERROR: Index p_bus = -1 is out of bounds (buses.size() = 1).
   at: set_bus_mute (servers/audio_server.cpp:1009)
WARNING: Nodes with non-equal opposite anchors will have their size overridden after _ready(). 
If you want to set size, change the anchors or consider using set_deferred().
     at: _set_size (scene/gui/control.cpp:1448)
WARNING: Nodes with non-equal opposite anchors will have their size overridden after _ready(). 
If you want to set size, change the anchors or consider using set_deferred().
     at: _set_size (scene/gui/control.cpp:1448)
WARNING: ObjectDB instances leaked at exit (run with --verbose for details).
     at: cleanup (core/object/object.cpp:2284)
ERROR: 1 resources still in use at exit (run with --verbose for details).
   at: clear (core/io/resource.cpp:604)
OK: src/scenes/IntroScene.tscn
=== SMOKE: src/scenes/MainMenu.tscn ===
Godot Engine v4.3.stable.official.77dcf97d8 - https://godotengine.org

ERROR: Index p_bus = -1 is out of bounds (buses.size() = 1).
   at: set_bus_volume_db (servers/audio_server.cpp:958)
ERROR: Index p_bus = -1 is out of bounds (buses.size() = 1).
   at: set_bus_volume_db (servers/audio_server.cpp:958)
ERROR: Index p_bus = -1 is out of bounds (buses.size() = 1).
   at: set_bus_volume_db (servers/audio_server.cpp:958)
ERROR: Index p_bus = -1 is out of bounds (buses.size() = 1).
   at: set_bus_mute (servers/audio_server.cpp:1009)
ERROR: Index p_bus = -1 is out of bounds (buses.size() = 1).
   at: set_bus_mute (servers/audio_server.cpp:1009)
ERROR: Index p_bus = -1 is out of bounds (buses.size() = 1).
   at: set_bus_mute (servers/audio_server.cpp:1009)
ERROR: Index p_bus = -1 is out of bounds (buses.size() = 1).
   at: set_bus_volume_db (servers/audio_server.cpp:958)
ERROR: Index p_bus = -1 is out of bounds (buses.size() = 1).
   at: set_bus_mute (servers/audio_server.cpp:1009)
WARNING: ObjectDB instances leaked at exit (run with --verbose for details).
     at: cleanup (core/object/object.cpp:2284)
ERROR: 1 resources still in use at exit (run with --verbose for details).
   at: clear (core/io/resource.cpp:604)
OK: src/scenes/MainMenu.tscn
=== SMOKE: src/scenes/CityScene.tscn ===
Godot Engine v4.3.stable.official.77dcf97d8 - https://godotengine.org

ERROR: Index p_bus = -1 is out of bounds (buses.size() = 1).
   at: set_bus_volume_db (servers/audio_server.cpp:958)
ERROR: Index p_bus = -1 is out of bounds (buses.size() = 1).
   at: set_bus_volume_db (servers/audio_server.cpp:958)
ERROR: Index p_bus = -1 is out of bounds (buses.size() = 1).
   at: set_bus_volume_db (servers/audio_server.cpp:958)
ERROR: Index p_bus = -1 is out of bounds (buses.size() = 1).
   at: set_bus_mute (servers/audio_server.cpp:1009)
ERROR: Index p_bus = -1 is out of bounds (buses.size() = 1).
   at: set_bus_mute (servers/audio_server.cpp:1009)
ERROR: Index p_bus = -1 is out of bounds (buses.size() = 1).
   at: set_bus_mute (servers/audio_server.cpp:1009)
ERROR: Index p_bus = -1 is out of bounds (buses.size() = 1).
   at: set_bus_volume_db (servers/audio_server.cpp:958)
ERROR: Index p_bus = -1 is out of bounds (buses.size() = 1).
   at: set_bus_mute (servers/audio_server.cpp:1009)
OK: src/scenes/CityScene.tscn
=== SMOKE: src/scenes/SoloCourt.tscn ===
Godot Engine v4.3.stable.official.77dcf97d8 - https://godotengine.org

SCRIPT ERROR: Parse Error: Expected statement, found "Indent" instead.
          at: GDScript::reload (res://src/scenes/SoloCourt.gd:536)
ERROR: Failed to load script "res://src/scenes/SoloCourt.gd" with error "Parse error".
   at: load (modules/gdscript/gdscript.cpp:2936)
ERROR: Index p_bus = -1 is out of bounds (buses.size() = 1).
   at: set_bus_volume_db (servers/audio_server.cpp:958)
ERROR: Index p_bus = -1 is out of bounds (buses.size() = 1).
   at: set_bus_volume_db (servers/audio_server.cpp:958)
ERROR: Index p_bus = -1 is out of bounds (buses.size() = 1).
   at: set_bus_volume_db (servers/audio_server.cpp:958)
ERROR: Index p_bus = -1 is out of bounds (buses.size() = 1).
   at: set_bus_mute (servers/audio_server.cpp:1009)
ERROR: Index p_bus = -1 is out of bounds (buses.size() = 1).
   at: set_bus_mute (servers/audio_server.cpp:1009)
ERROR: Index p_bus = -1 is out of bounds (buses.size() = 1).
   at: set_bus_mute (servers/audio_server.cpp:1009)
ERROR: Index p_bus = -1 is out of bounds (buses.size() = 1).
   at: set_bus_volume_db (servers/audio_server.cpp:958)
ERROR: Index p_bus = -1 is out of bounds (buses.size() = 1).
   at: set_bus_mute (servers/audio_server.cpp:1009)
ERROR: Parameter "t" is null.
   at: texture_2d_get (servers/rendering/dummy/storage/texture_storage.h:106)
!!! SCRIPT ERRORS in src/scenes/SoloCourt.tscn:
SCRIPT ERROR: Parse Error: Expected statement, found "Indent" instead.
=== SMOKE: src/scenes/ArenaLobby.tscn ===
Godot Engine v4.3.stable.official.77dcf97d8 - https://godotengine.org

ERROR: Index p_bus = -1 is out of bounds (buses.size() = 1).
   at: set_bus_volume_db (servers/audio_server.cpp:958)
ERROR: Index p_bus = -1 is out of bounds (buses.size() = 1).
   at: set_bus_volume_db (servers/audio_server.cpp:958)
ERROR: Index p_bus = -1 is out of bounds (buses.size() = 1).
   at: set_bus_volume_db (servers/audio_server.cpp:958)
ERROR: Index p_bus = -1 is out of bounds (buses.size() = 1).
   at: set_bus_mute (servers/audio_server.cpp:1009)
ERROR: Index p_bus = -1 is out of bounds (buses.size() = 1).
   at: set_bus_mute (servers/audio_server.cpp:1009)
ERROR: Index p_bus = -1 is out of bounds (buses.size() = 1).
   at: set_bus_mute (servers/audio_server.cpp:1009)
ERROR: Index p_bus = -1 is out of bounds (buses.size() = 1).
   at: set_bus_volume_db (servers/audio_server.cpp:958)
ERROR: Index p_bus = -1 is out of bounds (buses.size() = 1).
   at: set_bus_mute (servers/audio_server.cpp:1009)
OK: src/scenes/ArenaLobby.tscn
=== SMOKE: src/scenes/TeamCourt.tscn ===
Godot Engine v4.3.stable.official.77dcf97d8 - https://godotengine.org

ERROR: Index p_bus = -1 is out of bounds (buses.size() = 1).
   at: set_bus_volume_db (servers/audio_server.cpp:958)
ERROR: Index p_bus = -1 is out of bounds (buses.size() = 1).
   at: set_bus_volume_db (servers/audio_server.cpp:958)
ERROR: Index p_bus = -1 is out of bounds (buses.size() = 1).
   at: set_bus_volume_db (servers/audio_server.cpp:958)
ERROR: Index p_bus = -1 is out of bounds (buses.size() = 1).
   at: set_bus_mute (servers/audio_server.cpp:1009)
ERROR: Index p_bus = -1 is out of bounds (buses.size() = 1).
   at: set_bus_mute (servers/audio_server.cpp:1009)
ERROR: Index p_bus = -1 is out of bounds (buses.size() = 1).
   at: set_bus_mute (servers/audio_server.cpp:1009)
ERROR: Index p_bus = -1 is out of bounds (buses.size() = 1).
   at: set_bus_volume_db (servers/audio_server.cpp:958)
ERROR: Index p_bus = -1 is out of bounds (buses.size() = 1).
   at: set_bus_mute (servers/audio_server.cpp:1009)
OK: src/scenes/TeamCourt.tscn
=== SMOKE: src/scenes/GymScene.tscn ===
Godot Engine v4.3.stable.official.77dcf97d8 - https://godotengine.org

ERROR: Index p_bus = -1 is out of bounds (buses.size() = 1).
   at: set_bus_volume_db (servers/audio_server.cpp:958)
ERROR: Index p_bus = -1 is out of bounds (buses.size() = 1).
   at: set_bus_volume_db (servers/audio_server.cpp:958)
ERROR: Index p_bus = -1 is out of bounds (buses.size() = 1).
   at: set_bus_volume_db (servers/audio_server.cpp:958)
ERROR: Index p_bus = -1 is out of bounds (buses.size() = 1).
   at: set_bus_mute (servers/audio_server.cpp:1009)
ERROR: Index p_bus = -1 is out of bounds (buses.size() = 1).
   at: set_bus_mute (servers/audio_server.cpp:1009)
ERROR: Index p_bus = -1 is out of bounds (buses.size() = 1).
   at: set_bus_mute (servers/audio_server.cpp:1009)
ERROR: Index p_bus = -1 is out of bounds (buses.size() = 1).
   at: set_bus_volume_db (servers/audio_server.cpp:958)
ERROR: Index p_bus = -1 is out of bounds (buses.size() = 1).
   at: set_bus_mute (servers/audio_server.cpp:1009)
OK: src/scenes/GymScene.tscn
=== SMOKE: src/scenes/DrillScene.tscn ===
Godot Engine v4.3.stable.official.77dcf97d8 - https://godotengine.org

ERROR: Index p_bus = -1 is out of bounds (buses.size() = 1).
   at: set_bus_volume_db (servers/audio_server.cpp:958)
ERROR: Index p_bus = -1 is out of bounds (buses.size() = 1).
   at: set_bus_volume_db (servers/audio_server.cpp:958)
ERROR: Index p_bus = -1 is out of bounds (buses.size() = 1).
   at: set_bus_volume_db (servers/audio_server.cpp:958)
ERROR: Index p_bus = -1 is out of bounds (buses.size() = 1).
   at: set_bus_mute (servers/audio_server.cpp:1009)
ERROR: Index p_bus = -1 is out of bounds (buses.size() = 1).
   at: set_bus_mute (servers/audio_server.cpp:1009)
ERROR: Index p_bus = -1 is out of bounds (buses.size() = 1).
   at: set_bus_mute (servers/audio_server.cpp:1009)
ERROR: Index p_bus = -1 is out of bounds (buses.size() = 1).
   at: set_bus_volume_db (servers/audio_server.cpp:958)
ERROR: Index p_bus = -1 is out of bounds (buses.size() = 1).
   at: set_bus_mute (servers/audio_server.cpp:1009)
ERROR: Parameter "t" is null.
   at: texture_2d_get (servers/rendering/dummy/storage/texture_storage.h:106)
ERROR: Parameter "t" is null.
   at: texture_2d_get (servers/rendering/dummy/storage/texture_storage.h:106)
OK: src/scenes/DrillScene.tscn
